<?xml version="1.0" encoding="UTF-8"?>
<!--This file was created by G+Smo 21.12.0-->
<xml>
 <Geometry type="TensorBSpline2" id="0">
  <Basis type="TensorBSplineBasis2">
   <Basis type="BSplineBasis" index="0">
    <KnotVector degree="2">0 0 0 0.2 0.35 0.5 0.65 0.8 1 1 1 </KnotVector>
   </Basis>
   <Basis type="BSplineBasis" index="1">
    <KnotVector degree="2">0 0 0 0.16 0.26 0.36 0.5 0.64 0.74 0.84 1 1 1 </KnotVector>
   </Basis>
  </Basis>
  <coefs geoDim="2">30 80 
92.3 65.09999999999999 
146.8 59 
203.2 51.8 
267.6 35.2 
317.5 20.1 
395.4 13.4 
415 3 
22.8 90.40000000000001 
81.22779714319684 86.98293111747194 
149.3331562864437 73.10035104070649 
210.6902016314368 67.35852692826454 
273.7856863914288 56.79675575812963 
336.4743478204634 46.80257671293586 
417.1423707412251 51.17854273176091 
467.1 21.2 
11.3 115.8 
68.58010398828196 112.4078587479699 
152.6881917083704 97.36744422144567 
217.5212580047089 94.57690966648812 
283.0683174534791 92.54643991339778 
345.4619142331047 94.43049879473173 
435.9427024059484 96.41638355241541 
481.6 103.6 
5.8 146.6 
62.15698242735176 128.7631703732961 
154.8563499933369 116.1403366982334 
222.2405668728245 115.0084222103137 
286.0856126297886 122.4659189856022 
344.3891752485777 128.0643020845283 
423.5370445630027 138.3102698920702 
463.5 160.9 
0.2 172.3 
60.58694480187249 153.211395756033 
156.3070365612939 135.4075486932606 
227.8811002626315 141.2425638160127 
286.2053281986574 158.1570359338635 
334.6934834925207 173.8413149113835 
382.2243261221628 182.5403370554955 
395 205.8 
1.6 203.6 
58.39766105182801 179.8167363179384 
162.2633604585339 156.3293054952351 
233.5662566671395 171.8692801932778 
283.2969831223975 206.2768402280679 
321.2751300677677 232.2569347698967 
361.7035616281455 267.2166205802509 
375.8 261.7 
7.999999999999999 230 
58.64928373892491 201.8466269960265 
170.4613037953387 171.6811996348292 
237.1307341936755 200.6022351649218 
275.6870842092154 259.9177643865693 
313.05615623215 300.7951527699101 
372.0018034553815 304.6442073712666 
480.5 299.5 
13.2 251.9 
58.91266305269337 219.8276052114323 
180.7892812549788 182.4086477670897 
236.5051662418172 228.4655108664943 
258.2354144154006 317.652014713243 
295.0767039215863 354.87822856956 
382.6985203519828 330.8763785627035 
438 327.4 
26 288.6 
58.97139043604677 239.5420020214644 
197.1226304185216 195.0223946173552 
220.8895280040756 270.4814661668673 
212.1860339286368 383.1845715545249 
268.4752932294831 443.0341284189136 
379.5466759769971 359.2015922037696 
434.3 382 
40 292 
63.6 253.3 
204.7 199.9 
190.9 286.5 
173.9 370.3 
269.7 501.3999999999999 
390.4 363.6 
445 405 
</coefs>
 </Geometry>
 <MultiPatch parDim="2" id="1">
  <patches type="id_range">0 0</patches>
  <boundary>0 1
0 2
0 3
0 4
</boundary>
 </MultiPatch>
</xml>

